Microchip MPLAB XC8 Compiler V1.45 ()

Linker command line:

-W-3 --edf=C:\Program Files (x86)\Microchip\xc8\v1.45\dat\en_msgs.txt -cs \
  -h+dist/default/production\Carro.X.production.sym \
  --cmf=dist/default/production\Carro.X.production.cmf -z -Q18F4550 \
  -oC:\Users\Mateus\AppData\Local\Temp\s6u0.2 \
  -Mdist/default/production/Carro.X.production.map -E1 -ver=XC8 \
  -ASTACK=077h-07ffh -pstack=STACK -ACODE=00h-07FFFh -ACONST=00h-07FFFh \
  -ASMALLCONST=0800h-08FFhx120 -AMEDIUMCONST=0800h-07FFFh -ACOMRAM=01h-05Fh \
  -AABS1=00h-07FFh -ABIGRAM=01h-07FFh -ARAM=060h-0FFh,0100h-01FFhx7 \
  -ABANK0=060h-0FFh -ABANK1=0100h-01FFh -ABANK2=0200h-02FFh \
  -ABANK3=0300h-03FFh -ABANK4=0400h-04FFh -ABANK5=0500h-05FFh \
  -ABANK6=0600h-06FFh -ABANK7=0700h-07FFh -ASFR=0F60h-0FFFh \
  -preset_vec=00h,intcode=08h,intcodelo,powerup,init -pramtop=0800h \
  -psmallconst=SMALLCONST -pmediumconst=MEDIUMCONST -pconst=CONST \
  -AFARRAM=00h-00h -ACONFIG=0300000h-030000Dh -pconfig=CONFIG \
  -AIDLOC=0200000h-0200007h -pidloc=IDLOC -AEEDATA=0F00000h-0F000FFh \
  -peeprom_data=EEDATA \
  -prdata=COMRAM,nvrram=COMRAM,nvbit=COMRAM,rbss=COMRAM,rbit=COMRAM \
  -pfarbss=FARRAM,fardata=FARRAM,nvFARRAM=FARRAM \
  -pintsave_regs=BIGRAM,bigbss=BIGRAM,bigdata=BIGRAM -pbss=RAM \
  -pidata=CODE,irdata=CODE,ibigdata=CODE,ifardata=CODE -prparam=COMRAM \
  C:\Users\Mateus\AppData\Local\Temp\s6u0.obj \
  dist/default/production\Carro.X.production.obj 

Object code version is 3.11

Machine type is 18F4550

Call graph: (short form)




                Name                               Link     Load   Length Selector   Space Scale
C:\Users\Mateus\AppData\Local\Temp\s6u0.obj
                init                                  E        E        4        4       0
                reset_vec                             0        0        4        0       0
                idloc                            200000   200000        8   200000       0
                config                           300000   300000        E   300000       0
dist/default/production\Carro.X.production.obj
                intcode                               8        8        6        4       0
                temp                                 5D       5D        1        1       1
                text23                              AFC      AFC        6        4       0
                text22                              70E      70E       CC        4       0
                text21                              9CC      9CC       44        4       0
                text20                              7DA      7DA       AE        4       0
                text19                              55A      55A       E6        4       0
                text18                              466      466       F4        4       0
                text17                              372      372       F4        4       0
                text16                              A4E      A4E       24        4       0
                text15                              27A      27A       F8        4       0
                text14                              182      182       F8        4       0
                text13                              AA6      AA6       1A        4       0
                text12                              AF6      AF6        6        4       0
                text11                              A8C      A8C       1A        4       0
                text10                              A72      A72       1A        4       0
                text9                               AD4      AD4        C        4       0
                text8                               AF0      AF0        6        4       0
                intcode_body                         12       12      170        4       0
                text6                               640      640       CE        4       0
                text5                               974      974       58        4       0
                text4                               AC0      AC0       14        4       0
                text3                               AEA      AEA        6        4       0
                text2                               888      888       84        4       0
                text1                               90C      90C       68        4       0
                text0                               A10      A10       3E        4       0
                cstackCOMRAM                          1        1       5A        1       1
                cstackBANK0                          60       60       17       60       1
                cinit                               AE0      AE0        A        4       0
                nvCOMRAM                             5B       5B        2        1       1

TOTAL           Name                               Link     Load   Length     Space
        CLASS   STACK          

        CLASS   CODE           
                intcode                               8        8        6         0
                init                                  E        E        4         0
                reset_vec                             0        0        4         0
                text23                              AFC      AFC        6         0
                text22                              70E      70E       CC         0
                text21                              9CC      9CC       44         0
                text20                              7DA      7DA       AE         0
                text19                              55A      55A       E6         0
                text18                              466      466       F4         0
                text17                              372      372       F4         0
                text16                              A4E      A4E       24         0
                text15                              27A      27A       F8         0
                text14                              182      182       F8         0
                text13                              AA6      AA6       1A         0
                text12                              AF6      AF6        6         0
                text11                              A8C      A8C       1A         0
                text10                              A72      A72       1A         0
                text9                               AD4      AD4        C         0
                text8                               AF0      AF0        6         0
                intcode_body                         12       12      170         0
                text6                               640      640       CE         0
                text5                               974      974       58         0
                text4                               AC0      AC0       14         0
                text3                               AEA      AEA        6         0
                text2                               888      888       84         0
                text1                               90C      90C       68         0
                text0                               A10      A10       3E         0
                cinit                               AE0      AE0        A         0

        CLASS   CONST          

        CLASS   SMALLCONST     

        CLASS   MEDIUMCONST    

        CLASS   COMRAM         
                temp                                 5D       5D        1         1
                cstackCOMRAM                          1        1       5A         1
                nvCOMRAM                             5B       5B        2         1

        CLASS   ABS1           

        CLASS   BIGRAM         

        CLASS   RAM            

        CLASS   BANK0          
                cstackBANK0                          60       60       17         1

        CLASS   BANK1          

        CLASS   BANK2          

        CLASS   BANK3          

        CLASS   BANK4          

        CLASS   BANK5          

        CLASS   BANK6          

        CLASS   BANK7          

        CLASS   SFR            

        CLASS   FARRAM         

        CLASS   CONFIG         
                config                           300000   300000        E         0

        CLASS   IDLOC          
                idloc                            200000   200000        8         0

        CLASS   EEDATA         



SEGMENTS        Name                           Load    Length   Top    Selector   Space  Class

                reset_vec                      000000  000004  000004         0       0  CODE    
                cstackCOMRAM                   000001  00005D  00005E         1       1  COMRAM  
                intcode                        000008  000AFA  000B02         4       0  CODE    
                cstackBANK0                    000060  000017  000077        60       1  BANK0   
                idloc                          200000  000008  200008    200000       0  IDLOC   
                config                         300000  00000E  30000E    300000       0  CONFIG  


UNUSED ADDRESS RANGES

        Name                Unused          Largest block    Delta
        BANK0            000077-0000FF               89
        BANK1            000100-0001FF              100
        BANK2            000200-0002FF              100
        BANK3            000300-0003FF              100
        BANK4            000400-0004FF              100
        BANK5            000500-0005FF              100
        BANK6            000600-0006FF              100
        BANK7            000700-0007FF              100
        BIGRAM           00005E-00005F                2
                         000077-0007FF              789
        CODE             000004-000007                4
                         000B02-007FFF             74FE
        COMRAM           00005E-00005F                2
        CONST            000004-000007                4
                         000B02-007FFF             74FE
        EEDATA           F00000-F000FF              100
        MEDIUMCONST      000B02-007FFF             74FE
        RAM              000077-0007FF              100
        SFR              000F60-000FFF               A0
        SMALLCONST       000B02-007FFF              100
        STACK            000077-0007FF              789

                                  Symbol Table

?_PWM_Max_Duty           cstackCOMRAM 00000F
?___aldiv                cstackBANK0  000060
?___ftdiv                cstackCOMRAM 000016
?___ftmul                cstackCOMRAM 000025
?___ftpack               cstackCOMRAM 000001
?___fttol                cstackCOMRAM 000034
?___lldiv                cstackBANK0  000060
?___lwtoft               cstackCOMRAM 000013
?i2___aldiv              cstackCOMRAM 000001
PWM1_duty@duty           cstackCOMRAM 000043
PWM2_duty@duty           cstackCOMRAM 000043
PWM_init@freq            cstackBANK0  00006E
_BRGH                    (abs)        007D62
_CCP1M2                  (abs)        007DEA
_CCP1M3                  (abs)        007DEB
_CCP2M2                  (abs)        007DD2
_CCP2M3                  (abs)        007DD3
_CCPR1L                  (abs)        000FBE
_CCPR2L                  (abs)        000FBB
_CREN                    (abs)        007D5C
_DC1B0                   (abs)        007DEC
_DC1B1                   (abs)        007DED
_DC2B0                   (abs)        007DD4
_DC2B1                   (abs)        007DD5
_Frente                  text23       000AFC
_Frente_Re               text13       000AA6
_GIE                     (abs)        007F97
_PEIE                    (abs)        007F96
_PORTDbits               (abs)        000F83
_PR2                     (abs)        000FCB
_PWM1_duty               text15       00027A
_PWM2_duty               text14       000182
_PWM_Max_Duty            text21       0009CC
_PWM_init                text5        000974
_PWM_start               text4        000AC0
_Parado                  text3        000AEA
_RCIE                    (abs)        007CED
_RCIF                    (abs)        007CF5
_RCREG                   (abs)        000FAE
_RX9                     (abs)        007D5E
_Re                      text12       000AF6
_SPBRG                   (abs)        000FAF
_SPEN                    (abs)        007D5F
_SYNC                    (abs)        007D64
_T2CKPS0                 (abs)        007E50
_T2CKPS1                 (abs)        007E51
_TMR2ON                  (abs)        007E52
_TRISC1                  (abs)        007CA1
_TRISC2                  (abs)        007CA2
_TRISC6                  (abs)        007CA6
_TRISC7                  (abs)        007CA7
_TRISD0                  (abs)        007CA8
_TRISD1                  (abs)        007CA9
_TRMT                    (abs)        007D61
_TX9                     (abs)        007D66
_TXEN                    (abs)        007D65
_TXREG                   (abs)        000FAD
__CFG_FOSC$HS            (abs)        000000
__CFG_LVP$OFF            (abs)        000000
__CFG_PBADEN$OFF         (abs)        000000
__CFG_PWRT$ON            (abs)        000000
__CFG_WDT$OFF            (abs)        000000
__HRAM                   (abs)        000000
__Habs1                  abs1         000000
__Hbank0                 bank0        000000
__Hbank1                 bank1        000000
__Hbank2                 bank2        000000
__Hbank3                 bank3        000000
__Hbank4                 bank4        000000
__Hbank5                 bank5        000000
__Hbank6                 bank6        000000
__Hbank7                 bank7        000000
__Hbigbss                bigbss       000000
__Hbigdata               bigdata      000000
__Hbigram                bigram       000000
__Hbss                   bss          000000
__Hcinit                 cinit        000000
__Hclrtext               clrtext      000000
__Hcomram                comram       000000
__Hconfig                config       30000E
__Hconst                 const        000000
__HcstackBANK0           cstackBANK0  000000
__HcstackCOMRAM          cstackCOMRAM 000000
__Hdata                  data         000000
__Heeprom_data           eeprom_data  000000
__Hfarbss                farbss       000000
__Hfardata               fardata      000000
__Hibigdata              ibigdata     000000
__Hidata                 idata        000000
__Hidloc                 idloc        200008
__Hifardata              ifardata     000000
__Hinit                  init         000012
__Hintcode               intcode      00000E
__Hintcode_body          intcode_body 000000
__Hintcodelo             intcodelo    00000E
__Hintentry              intentry     000000
__Hintret                intret       000000
__Hintsave_regs          intsave_regs 000000
__Hirdata                irdata       000000
__Hmediumconst           mediumconst  000000
__HnvCOMRAM              nvCOMRAM     000000
__HnvFARRAM              nvFARRAM     000000
__Hnvbit                 nvbit        000000
__Hnvrram                nvrram       000000
__Hparam                 rparam       000000
__Hpowerup               powerup      00000E
__Hram                   ram          000000
__Hramtop                ramtop       000800
__Hrbit                  rbit         000000
__Hrbss                  rbss         000000
__Hrdata                 rdata        000000
__Hreset_vec             reset_vec    000004
__Hrparam                rparam       000000
__Hsfr                   sfr          000000
__Hsmallconst            smallconst   000000
__Hspace_0               (abs)        30000E
__Hspace_1               (abs)        000077
__Hspace_2               (abs)        000000
__Hstack                 stack        000000
__Hstruct                struct       000000
__Htemp                  temp         00005E
__Htext                  text         000000
__Htext0                 text0        000000
__Htext1                 text1        000000
__Htext10                text10       000000
__Htext11                text11       000000
__Htext12                text12       000000
__Htext13                text13       000000
__Htext14                text14       000000
__Htext15                text15       000000
__Htext16                text16       000000
__Htext17                text17       000000
__Htext18                text18       000000
__Htext19                text19       000000
__Htext2                 text2        000000
__Htext20                text20       000000
__Htext21                text21       000000
__Htext22                text22       000000
__Htext23                text23       000000
__Htext3                 text3        000000
__Htext4                 text4        000000
__Htext5                 text5        000000
__Htext6                 text6        000000
__Htext8                 text8        000000
__Htext9                 text9        000000
__LRAM                   (abs)        000001
__Labs1                  abs1         000000
__Lbank0                 bank0        000000
__Lbank1                 bank1        000000
__Lbank2                 bank2        000000
__Lbank3                 bank3        000000
__Lbank4                 bank4        000000
__Lbank5                 bank5        000000
__Lbank6                 bank6        000000
__Lbank7                 bank7        000000
__Lbigbss                bigbss       000000
__Lbigdata               bigdata      000000
__Lbigram                bigram       000000
__Lbss                   bss          000000
__Lcinit                 cinit        000000
__Lclrtext               clrtext      000000
__Lcomram                comram       000000
__Lconfig                config       300000
__Lconst                 const        000000
__LcstackBANK0           cstackBANK0  000000
__LcstackCOMRAM          cstackCOMRAM 000000
__Ldata                  data         000000
__Leeprom_data           eeprom_data  000000
__Lfarbss                farbss       000000
__Lfardata               fardata      000000
__Libigdata              ibigdata     000000
__Lidata                 idata        000000
__Lidloc                 idloc        200000
__Lifardata              ifardata     000000
__Linit                  init         00000E
__Lintcode               intcode      000008
__Lintcode_body          intcode_body 000000
__Lintcodelo             intcodelo    00000E
__Lintentry              intentry     000000
__Lintret                intret       000000
__Lintsave_regs          intsave_regs 000000
__Lirdata                irdata       000000
__Lmediumconst           mediumconst  000000
__LnvCOMRAM              nvCOMRAM     000000
__LnvFARRAM              nvFARRAM     000000
__Lnvbit                 nvbit        000000
__Lnvrram                nvrram       000000
__Lparam                 rparam       000000
__Lpowerup               powerup      00000E
__Lram                   ram          000000
__Lramtop                ramtop       000800
__Lrbit                  rbit         000000
__Lrbss                  rbss         000000
__Lrdata                 rdata        000000
__Lreset_vec             reset_vec    000000
__Lrparam                rparam       000000
__Lsfr                   sfr          000000
__Lsmallconst            smallconst   000000
__Lspace_0               (abs)        000000
__Lspace_1               (abs)        000000
__Lspace_2               (abs)        000000
__Lstack                 stack        000000
__Lstruct                struct       000000
__Ltemp                  temp         00005D
__Ltext                  text         000000
__Ltext0                 text0        000000
__Ltext1                 text1        000000
__Ltext10                text10       000000
__Ltext11                text11       000000
__Ltext12                text12       000000
__Ltext13                text13       000000
__Ltext14                text14       000000
__Ltext15                text15       000000
__Ltext16                text16       000000
__Ltext17                text17       000000
__Ltext18                text18       000000
__Ltext19                text19       000000
__Ltext2                 text2        000000
__Ltext20                text20       000000
__Ltext21                text21       000000
__Ltext22                text22       000000
__Ltext23                text23       000000
__Ltext3                 text3        000000
__Ltext4                 text4        000000
__Ltext5                 text5        000000
__Ltext6                 text6        000000
__Ltext8                 text8        000000
__Ltext9                 text9        000000
__S0                     (abs)        30000E
__S1                     (abs)        000077
__S2                     (abs)        000000
___aldiv                 text6        000640
___aldiv@counter         cstackBANK0  000068
___aldiv@dividend        cstackBANK0  000060
___aldiv@divisor         cstackBANK0  000064
___aldiv@quotient        cstackBANK0  00006A
___aldiv@sign            cstackBANK0  000069
___ftdiv                 text19       00055A
___ftdiv@cntr            cstackCOMRAM 00001F
___ftdiv@exp             cstackCOMRAM 000023
___ftdiv@f1              cstackCOMRAM 000016
___ftdiv@f2              cstackCOMRAM 000019
___ftdiv@f3              cstackCOMRAM 000020
___ftdiv@sign            cstackCOMRAM 000024
___ftmul                 text18       000466
___ftmul@cntr            cstackCOMRAM 000032
___ftmul@exp             cstackCOMRAM 00002E
___ftmul@f1              cstackCOMRAM 000025
___ftmul@f2              cstackCOMRAM 000028
___ftmul@f3_as_product   cstackCOMRAM 00002F
___ftmul@sign            cstackCOMRAM 000033
___ftpack                text20       0007DA
___ftpack@arg            cstackCOMRAM 000001
___ftpack@exp            cstackCOMRAM 000004
___ftpack@sign           cstackCOMRAM 000005
___fttol                 text17       000372
___fttol@exp1            cstackCOMRAM 000042
___fttol@f1              cstackCOMRAM 000034
___fttol@lval            cstackCOMRAM 00003E
___fttol@sign1           cstackCOMRAM 00003D
___inthi_sp              stack        000000
___intlo_sp              stack        000000
___lldiv                 text2        000888
___lldiv@counter         cstackBANK0  00006C
___lldiv@dividend        cstackBANK0  000060
___lldiv@divisor         cstackBANK0  000064
___lldiv@quotient        cstackBANK0  000068
___lwtoft                text16       000A4E
___lwtoft@c              cstackCOMRAM 000013
___param_bank            (abs)        000000
___rparam_used           (abs)        000001
___sp                    stack        000000
__accesstop              (abs)        000060
__activetblptr           (abs)        000000
__end_of_Frente          text23       000B02
__end_of_Frente_Re       text13       000AC0
__end_of_PWM1_duty       text15       000372
__end_of_PWM2_duty       text14       00027A
__end_of_PWM_Max_Duty    text21       000A10
__end_of_PWM_init        text5        0009CC
__end_of_PWM_start       text4        000AD4
__end_of_Parado          text3        000AF0
__end_of_Re              text12       000AFC
__end_of___aldiv         text6        00070E
__end_of___ftdiv         text19       000640
__end_of___ftmul         text18       00055A
__end_of___ftpack        text20       000888
__end_of___fttol         text17       000466
__end_of___lldiv         text2        00090C
__end_of___lwtoft        text16       000A72
__end_of__initialization cinit        000AE0
__end_of_curvaDir        text11       000AA6
__end_of_curvaEsq        text10       000A8C
__end_of_init_USART      text1        000974
__end_of_main            text0        000A4E
__end_of_routine         intcode_body 000182
__end_of_sendMsg         text9        000AE0
__end_ofi2_Parado        text8        000AF6
__end_ofi2___aldiv       text22       0007DA
__initialization         cinit        000AE0
__mediumconst            mediumconst  000000
__pcinit                 cinit        000AE0
__pcstackBANK0           cstackBANK0  000060
__pcstackCOMRAM          cstackCOMRAM 000001
__pintcode               intcode      000008
__pintcode_body          intcode_body 000012
__pnvCOMRAM              nvCOMRAM     00005B
__ptext0                 text0        000A10
__ptext1                 text1        00090C
__ptext10                text10       000A72
__ptext11                text11       000A8C
__ptext12                text12       000AF6
__ptext13                text13       000AA6
__ptext14                text14       000182
__ptext15                text15       00027A
__ptext16                text16       000A4E
__ptext17                text17       000372
__ptext18                text18       000466
__ptext19                text19       00055A
__ptext2                 text2        000888
__ptext20                text20       0007DA
__ptext21                text21       0009CC
__ptext22                text22       00070E
__ptext23                text23       000AFC
__ptext3                 text3        000AEA
__ptext4                 text4        000AC0
__ptext5                 text5        000974
__ptext6                 text6        000640
__ptext8                 text8        000AF0
__ptext9                 text9        000AD4
__ramtop                 ramtop       000800
__size_of_Frente         (abs)        000000
__size_of_Frente_Re      (abs)        000000
__size_of_PWM1_duty      (abs)        000000
__size_of_PWM2_duty      (abs)        000000
__size_of_PWM_Max_Duty   (abs)        000000
__size_of_PWM_init       (abs)        000000
__size_of_PWM_start      (abs)        000000
__size_of_Parado         (abs)        000000
__size_of_Re             (abs)        000000
__size_of___aldiv        (abs)        000000
__size_of___ftdiv        (abs)        000000
__size_of___ftmul        (abs)        000000
__size_of___ftpack       (abs)        000000
__size_of___fttol        (abs)        000000
__size_of___lldiv        (abs)        000000
__size_of___lwtoft       (abs)        000000
__size_of_curvaDir       (abs)        000000
__size_of_curvaEsq       (abs)        000000
__size_of_init_USART     (abs)        000000
__size_of_main           (abs)        000000
__size_of_routine        (abs)        000000
__size_of_sendMsg        (abs)        000000
__size_ofi2_Parado       (abs)        000000
__size_ofi2___aldiv      (abs)        000000
__smallconst             smallconst   000000
_curvaDir                text11       000A8C
_curvaEsq                text10       000A72
_fre                     nvCOMRAM     00005B
_init_USART              text1        00090C
_main                    text0        000A10
_routine                 intcode      000008
_sendMsg                 text9        000AD4
btemp                    temp         00005D
end_of_initialization    cinit        000AE0
i2_Parado                text8        000AF0
i2___aldiv               text22       00070E
i2___aldiv@counter       cstackCOMRAM 000009
i2___aldiv@dividend      cstackCOMRAM 000001
i2___aldiv@divisor       cstackCOMRAM 000005
i2___aldiv@quotient      cstackCOMRAM 00000B
i2___aldiv@sign          cstackCOMRAM 00000A
init_USART@baudrate      cstackBANK0  00006D
int$flags                temp         00005D
int_func                 intcode_body 000012
intlevel0                text         000000
intlevel1                text         000000
intlevel2                text         000000
intlevel3                text         000000
main@i                   cstackBANK0  000075
sendMsg@msg              cstackCOMRAM 000001
stackhi                  (abs)        0007FF
stacklo                  (abs)        000077
start                    init         00000E
start_initialization     cinit        000AE0
wtemp6                   temp         00005E


FUNCTION INFORMATION:

 *************** function _main *****************
 Defined at:
		line 201 in file "main.c"
 Parameters:    Size  Location     Type
		None
 Auto vars:     Size  Location     Type
  i               2   21[BANK0 ] int 
 Return value:  Size  Location     Type
                  1    wreg      void 
 Registers used:
		wreg, status,2, status,0, cstack
 Tracked objects:
		On entry : 
		On exit  : 
		Unchanged: 
 Data sizes:     COMRAM   BANK0   BANK1   BANK2   BANK3   BANK4   BANK5   BANK6   BANK7
      Params:         0       0       0       0       0       0       0       0       0
      Locals:         0       2       0       0       0       0       0       0       0
      Temps:          0       0       0       0       0       0       0       0       0
      Totals:         0       2       0       0       0       0       0       0       0
Total ram usage:        2 bytes
 Hardware stack levels required when called:    7
 This function calls:
		_PWM_init
		_PWM_start
		_Parado
		_init_USART
 This function is called by:
		Startup code after reset
 This function uses a non-reentrant model


 *************** function _init_USART *****************
 Defined at:
		line 124 in file "main.c"
 Parameters:    Size  Location     Type
  baudrate        4   13[BANK0 ] unsigned long 
 Auto vars:     Size  Location     Type
		None
 Return value:  Size  Location     Type
                  1    wreg      void 
 Registers used:
		wreg, status,2, status,0, cstack
 Tracked objects:
		On entry : 
		On exit  : 
		Unchanged: 
 Data sizes:     COMRAM   BANK0   BANK1   BANK2   BANK3   BANK4   BANK5   BANK6   BANK7
      Params:         0       4       0       0       0       0       0       0       0
      Locals:         0       0       0       0       0       0       0       0       0
      Temps:          0       4       0       0       0       0       0       0       0
      Totals:         0       8       0       0       0       0       0       0       0
Total ram usage:        8 bytes
 Hardware stack levels used:    1
 Hardware stack levels required when called:    6
 This function calls:
		___lldiv
 This function is called by:
		_main
 This function uses a non-reentrant model


 *************** function ___lldiv *****************
 Defined at:
		line 8 in file "C:\Program Files (x86)\Microchip\xc8\v1.45\sources\common\lldiv.c"
 Parameters:    Size  Location     Type
  dividend        4    0[BANK0 ] unsigned long 
  divisor         4    4[BANK0 ] unsigned long 
 Auto vars:     Size  Location     Type
  quotient        4    8[BANK0 ] unsigned long 
  counter         1   12[BANK0 ] unsigned char 
 Return value:  Size  Location     Type
                  4    0[BANK0 ] unsigned long 
 Registers used:
		wreg, status,2, status,0
 Tracked objects:
		On entry : 
		On exit  : 
		Unchanged: 
 Data sizes:     COMRAM   BANK0   BANK1   BANK2   BANK3   BANK4   BANK5   BANK6   BANK7
      Params:         0       8       0       0       0       0       0       0       0
      Locals:         0       5       0       0       0       0       0       0       0
      Temps:          0       0       0       0       0       0       0       0       0
      Totals:         0      13       0       0       0       0       0       0       0
Total ram usage:       13 bytes
 Hardware stack levels used:    1
 Hardware stack levels required when called:    5
 This function calls:
		Nothing
 This function is called by:
		_init_USART
 This function uses a non-reentrant model


 *************** function _Parado *****************
 Defined at:
		line 116 in file "main.c"
 Parameters:    Size  Location     Type
		None
 Auto vars:     Size  Location     Type
		None
 Return value:  Size  Location     Type
                  1    wreg      void 
 Registers used:
		None
 Tracked objects:
		On entry : 
		On exit  : 
		Unchanged: 
 Data sizes:     COMRAM   BANK0   BANK1   BANK2   BANK3   BANK4   BANK5   BANK6   BANK7
      Params:         0       0       0       0       0       0       0       0       0
      Locals:         0       0       0       0       0       0       0       0       0
      Temps:          0       0       0       0       0       0       0       0       0
      Totals:         0       0       0       0       0       0       0       0       0
Total ram usage:        0 bytes
 Hardware stack levels used:    1
 Hardware stack levels required when called:    5
 This function calls:
		Nothing
 This function is called by:
		_main
 This function uses a non-reentrant model


 *************** function _PWM_start *****************
 Defined at:
		line 59 in file "main.c"
 Parameters:    Size  Location     Type
		None
 Auto vars:     Size  Location     Type
		None
 Return value:  Size  Location     Type
                  1    wreg      void 
 Registers used:
		None
 Tracked objects:
		On entry : 
		On exit  : 
		Unchanged: 
 Data sizes:     COMRAM   BANK0   BANK1   BANK2   BANK3   BANK4   BANK5   BANK6   BANK7
      Params:         0       0       0       0       0       0       0       0       0
      Locals:         0       0       0       0       0       0       0       0       0
      Temps:          0       0       0       0       0       0       0       0       0
      Totals:         0       0       0       0       0       0       0       0       0
Total ram usage:        0 bytes
 Hardware stack levels used:    1
 Hardware stack levels required when called:    5
 This function calls:
		Nothing
 This function is called by:
		_main
 This function uses a non-reentrant model


 *************** function _PWM_init *****************
 Defined at:
		line 28 in file "main.c"
 Parameters:    Size  Location     Type
  freq            2   14[BANK0 ] unsigned int 
 Auto vars:     Size  Location     Type
		None
 Return value:  Size  Location     Type
                  1    wreg      void 
 Registers used:
		wreg, status,2, status,0, cstack
 Tracked objects:
		On entry : 
		On exit  : 
		Unchanged: 
 Data sizes:     COMRAM   BANK0   BANK1   BANK2   BANK3   BANK4   BANK5   BANK6   BANK7
      Params:         0       2       0       0       0       0       0       0       0
      Locals:         0       0       0       0       0       0       0       0       0
      Temps:          0       2       0       0       0       0       0       0       0
      Totals:         0       4       0       0       0       0       0       0       0
Total ram usage:        4 bytes
 Hardware stack levels used:    1
 Hardware stack levels required when called:    6
 This function calls:
		___aldiv
 This function is called by:
		_main
 This function uses a non-reentrant model


 *************** function ___aldiv *****************
 Defined at:
		line 8 in file "C:\Program Files (x86)\Microchip\xc8\v1.45\sources\common\aldiv.c"
 Parameters:    Size  Location     Type
  dividend        4    0[BANK0 ] long 
  divisor         4    4[BANK0 ] long 
 Auto vars:     Size  Location     Type
  quotient        4   10[BANK0 ] long 
  sign            1    9[BANK0 ] unsigned char 
  counter         1    8[BANK0 ] unsigned char 
 Return value:  Size  Location     Type
                  4    0[BANK0 ] long 
 Registers used:
		wreg, status,2, status,0
 Tracked objects:
		On entry : 
		On exit  : 
		Unchanged: 
 Data sizes:     COMRAM   BANK0   BANK1   BANK2   BANK3   BANK4   BANK5   BANK6   BANK7
      Params:         0       8       0       0       0       0       0       0       0
      Locals:         0       6       0       0       0       0       0       0       0
      Temps:          0       0       0       0       0       0       0       0       0
      Totals:         0      14       0       0       0       0       0       0       0
Total ram usage:       14 bytes
 Hardware stack levels used:    1
 Hardware stack levels required when called:    5
 This function calls:
		Nothing
 This function is called by:
		_PWM_init
 This function uses a non-reentrant model


 *************** function _routine *****************
 Defined at:
		line 157 in file "main.c"
 Parameters:    Size  Location     Type
		None
 Auto vars:     Size  Location     Type
		None
 Return value:  Size  Location     Type
                  1    wreg      void 
 Registers used:
		wreg, status,2, status,0, cstack
 Tracked objects:
		On entry : 
		On exit  : 
		Unchanged: 
 Data sizes:     COMRAM   BANK0   BANK1   BANK2   BANK3   BANK4   BANK5   BANK6   BANK7
      Params:         0       0       0       0       0       0       0       0       0
      Locals:         0       0       0       0       0       0       0       0       0
      Temps:         20       0       0       0       0       0       0       0       0
      Totals:        20       0       0       0       0       0       0       0       0
Total ram usage:       20 bytes
 Hardware stack levels used:    1
 Hardware stack levels required when called:    4
 This function calls:
		_Frente
		_Frente_Re
		_Re
		_curvaDir
		_curvaEsq
		_sendMsg
		i2_Parado
 This function is called by:
		Interrupt level 2
 This function uses a non-reentrant model


 *************** function i2_Parado *****************
 Defined at:
		line 116 in file "main.c"
 Parameters:    Size  Location     Type
		None
 Auto vars:     Size  Location     Type
		None
 Return value:  Size  Location     Type
                  1    wreg      void 
 Registers used:
		None
 Tracked objects:
		On entry : 
		On exit  : 
		Unchanged: 
 Data sizes:     COMRAM   BANK0   BANK1   BANK2   BANK3   BANK4   BANK5   BANK6   BANK7
      Params:         0       0       0       0       0       0       0       0       0
      Locals:         0       0       0       0       0       0       0       0       0
      Temps:          0       0       0       0       0       0       0       0       0
      Totals:         0       0       0       0       0       0       0       0       0
Total ram usage:        0 bytes
 Hardware stack levels used:    1
 This function calls:
		Nothing
 This function is called by:
		_routine
 This function uses a non-reentrant model


 *************** function _sendMsg *****************
 Defined at:
		line 151 in file "main.c"
 Parameters:    Size  Location     Type
  msg             1    wreg     unsigned char 
 Auto vars:     Size  Location     Type
  msg             1    0[COMRAM] unsigned char 
 Return value:  Size  Location     Type
                  1    wreg      void 
 Registers used:
		wreg
 Tracked objects:
		On entry : 
		On exit  : 
		Unchanged: 
 Data sizes:     COMRAM   BANK0   BANK1   BANK2   BANK3   BANK4   BANK5   BANK6   BANK7
      Params:         0       0       0       0       0       0       0       0       0
      Locals:         1       0       0       0       0       0       0       0       0
      Temps:          0       0       0       0       0       0       0       0       0
      Totals:         1       0       0       0       0       0       0       0       0
Total ram usage:        1 bytes
 Hardware stack levels used:    1
 This function calls:
		Nothing
 This function is called by:
		_routine
 This function uses a non-reentrant model


 *************** function _curvaEsq *****************
 Defined at:
		line 92 in file "main.c"
 Parameters:    Size  Location     Type
		None
 Auto vars:     Size  Location     Type
		None
 Return value:  Size  Location     Type
                  1    wreg      void 
 Registers used:
		wreg, status,2, status,0, cstack
 Tracked objects:
		On entry : 
		On exit  : 
		Unchanged: 
 Data sizes:     COMRAM   BANK0   BANK1   BANK2   BANK3   BANK4   BANK5   BANK6   BANK7
      Params:         0       0       0       0       0       0       0       0       0
      Locals:         0       0       0       0       0       0       0       0       0
      Temps:          0       0       0       0       0       0       0       0       0
      Totals:         0       0       0       0       0       0       0       0       0
Total ram usage:        0 bytes
 Hardware stack levels used:    1
 Hardware stack levels required when called:    3
 This function calls:
		_PWM1_duty
		_PWM2_duty
 This function is called by:
		_routine
 This function uses a non-reentrant model


 *************** function _curvaDir *****************
 Defined at:
		line 86 in file "main.c"
 Parameters:    Size  Location     Type
		None
 Auto vars:     Size  Location     Type
		None
 Return value:  Size  Location     Type
                  1    wreg      void 
 Registers used:
		wreg, status,2, status,0, cstack
 Tracked objects:
		On entry : 
		On exit  : 
		Unchanged: 
 Data sizes:     COMRAM   BANK0   BANK1   BANK2   BANK3   BANK4   BANK5   BANK6   BANK7
      Params:         0       0       0       0       0       0       0       0       0
      Locals:         0       0       0       0       0       0       0       0       0
      Temps:          0       0       0       0       0       0       0       0       0
      Totals:         0       0       0       0       0       0       0       0       0
Total ram usage:        0 bytes
 Hardware stack levels used:    1
 Hardware stack levels required when called:    3
 This function calls:
		_PWM1_duty
		_PWM2_duty
 This function is called by:
		_routine
 This function uses a non-reentrant model


 *************** function _Re *****************
 Defined at:
		line 109 in file "main.c"
 Parameters:    Size  Location     Type
		None
 Auto vars:     Size  Location     Type
		None
 Return value:  Size  Location     Type
                  1    wreg      void 
 Registers used:
		None
 Tracked objects:
		On entry : 
		On exit  : 
		Unchanged: 
 Data sizes:     COMRAM   BANK0   BANK1   BANK2   BANK3   BANK4   BANK5   BANK6   BANK7
      Params:         0       0       0       0       0       0       0       0       0
      Locals:         0       0       0       0       0       0       0       0       0
      Temps:          0       0       0       0       0       0       0       0       0
      Totals:         0       0       0       0       0       0       0       0       0
Total ram usage:        0 bytes
 Hardware stack levels used:    1
 This function calls:
		Nothing
 This function is called by:
		_routine
 This function uses a non-reentrant model


 *************** function _Frente_Re *****************
 Defined at:
		line 97 in file "main.c"
 Parameters:    Size  Location     Type
		None
 Auto vars:     Size  Location     Type
		None
 Return value:  Size  Location     Type
                  1    wreg      void 
 Registers used:
		wreg, status,2, status,0, cstack
 Tracked objects:
		On entry : 
		On exit  : 
		Unchanged: 
 Data sizes:     COMRAM   BANK0   BANK1   BANK2   BANK3   BANK4   BANK5   BANK6   BANK7
      Params:         0       0       0       0       0       0       0       0       0
      Locals:         0       0       0       0       0       0       0       0       0
      Temps:          0       0       0       0       0       0       0       0       0
      Totals:         0       0       0       0       0       0       0       0       0
Total ram usage:        0 bytes
 Hardware stack levels used:    1
 Hardware stack levels required when called:    3
 This function calls:
		_PWM1_duty
		_PWM2_duty
 This function is called by:
		_routine
 This function uses a non-reentrant model


 *************** function _PWM2_duty *****************
 Defined at:
		line 45 in file "main.c"
 Parameters:    Size  Location     Type
  duty            2   66[COMRAM] unsigned int 
 Auto vars:     Size  Location     Type
		None
 Return value:  Size  Location     Type
                  1    wreg      void 
 Registers used:
		wreg, status,2, status,0, cstack
 Tracked objects:
		On entry : 
		On exit  : 
		Unchanged: 
 Data sizes:     COMRAM   BANK0   BANK1   BANK2   BANK3   BANK4   BANK5   BANK6   BANK7
      Params:         2       0       0       0       0       0       0       0       0
      Locals:         0       0       0       0       0       0       0       0       0
      Temps:          2       0       0       0       0       0       0       0       0
      Totals:         4       0       0       0       0       0       0       0       0
Total ram usage:        4 bytes
 Hardware stack levels used:    1
 Hardware stack levels required when called:    2
 This function calls:
		_PWM_Max_Duty
		___ftdiv
		___ftmul
		___fttol
		___lwtoft
 This function is called by:
		_curvaDir
		_curvaEsq
		_Frente_Re
 This function uses a non-reentrant model


 *************** function _PWM1_duty *****************
 Defined at:
		line 35 in file "main.c"
 Parameters:    Size  Location     Type
  duty            2   66[COMRAM] unsigned int 
 Auto vars:     Size  Location     Type
		None
 Return value:  Size  Location     Type
                  1    wreg      void 
 Registers used:
		wreg, status,2, status,0, cstack
 Tracked objects:
		On entry : 
		On exit  : 
		Unchanged: 
 Data sizes:     COMRAM   BANK0   BANK1   BANK2   BANK3   BANK4   BANK5   BANK6   BANK7
      Params:         2       0       0       0       0       0       0       0       0
      Locals:         0       0       0       0       0       0       0       0       0
      Temps:          2       0       0       0       0       0       0       0       0
      Totals:         4       0       0       0       0       0       0       0       0
Total ram usage:        4 bytes
 Hardware stack levels used:    1
 Hardware stack levels required when called:    2
 This function calls:
		_PWM_Max_Duty
		___ftdiv
		___ftmul
		___fttol
		___lwtoft
 This function is called by:
		_curvaDir
		_curvaEsq
		_Frente_Re
 This function uses a non-reentrant model


 *************** function ___lwtoft *****************
 Defined at:
		line 28 in file "C:\Program Files (x86)\Microchip\xc8\v1.45\sources\common\lwtoft.c"
 Parameters:    Size  Location     Type
  c               2   18[COMRAM] unsigned int 
 Auto vars:     Size  Location     Type
		None
 Return value:  Size  Location     Type
                  3   18[COMRAM] float 
 Registers used:
		wreg, status,2, status,0, cstack
 Tracked objects:
		On entry : 
		On exit  : 
		Unchanged: 
 Data sizes:     COMRAM   BANK0   BANK1   BANK2   BANK3   BANK4   BANK5   BANK6   BANK7
      Params:         3       0       0       0       0       0       0       0       0
      Locals:         0       0       0       0       0       0       0       0       0
      Temps:          0       0       0       0       0       0       0       0       0
      Totals:         3       0       0       0       0       0       0       0       0
Total ram usage:        3 bytes
 Hardware stack levels used:    1
 Hardware stack levels required when called:    1
 This function calls:
		___ftpack
 This function is called by:
		_PWM1_duty
		_PWM2_duty
 This function uses a non-reentrant model


 *************** function ___fttol *****************
 Defined at:
		line 44 in file "C:\Program Files (x86)\Microchip\xc8\v1.45\sources\common\fttol.c"
 Parameters:    Size  Location     Type
  f1              3   51[COMRAM] float 
 Auto vars:     Size  Location     Type
  lval            4   61[COMRAM] unsigned long 
  exp1            1   65[COMRAM] unsigned char 
  sign1           1   60[COMRAM] unsigned char 
 Return value:  Size  Location     Type
                  4   51[COMRAM] long 
 Registers used:
		wreg, status,2, status,0
 Tracked objects:
		On entry : 
		On exit  : 
		Unchanged: 
 Data sizes:     COMRAM   BANK0   BANK1   BANK2   BANK3   BANK4   BANK5   BANK6   BANK7
      Params:         4       0       0       0       0       0       0       0       0
      Locals:         6       0       0       0       0       0       0       0       0
      Temps:          5       0       0       0       0       0       0       0       0
      Totals:        15       0       0       0       0       0       0       0       0
Total ram usage:       15 bytes
 Hardware stack levels used:    1
 This function calls:
		Nothing
 This function is called by:
		_PWM1_duty
		_PWM2_duty
 This function uses a non-reentrant model


 *************** function ___ftmul *****************
 Defined at:
		line 62 in file "C:\Program Files (x86)\Microchip\xc8\v1.45\sources\common\ftmul.c"
 Parameters:    Size  Location     Type
  f1              3   36[COMRAM] float 
  f2              3   39[COMRAM] float 
 Auto vars:     Size  Location     Type
  f3_as_produc    3   46[COMRAM] unsigned um
  sign            1   50[COMRAM] unsigned char 
  cntr            1   49[COMRAM] unsigned char 
  exp             1   45[COMRAM] unsigned char 
 Return value:  Size  Location     Type
                  3   36[COMRAM] float 
 Registers used:
		wreg, status,2, status,0, cstack
 Tracked objects:
		On entry : 
		On exit  : 
		Unchanged: 
 Data sizes:     COMRAM   BANK0   BANK1   BANK2   BANK3   BANK4   BANK5   BANK6   BANK7
      Params:         6       0       0       0       0       0       0       0       0
      Locals:         6       0       0       0       0       0       0       0       0
      Temps:          3       0       0       0       0       0       0       0       0
      Totals:        15       0       0       0       0       0       0       0       0
Total ram usage:       15 bytes
 Hardware stack levels used:    1
 Hardware stack levels required when called:    1
 This function calls:
		___ftpack
 This function is called by:
		_PWM1_duty
		_PWM2_duty
 This function uses a non-reentrant model


 *************** function ___ftdiv *****************
 Defined at:
		line 54 in file "C:\Program Files (x86)\Microchip\xc8\v1.45\sources\common\ftdiv.c"
 Parameters:    Size  Location     Type
  f1              3   21[COMRAM] float 
  f2              3   24[COMRAM] float 
 Auto vars:     Size  Location     Type
  f3              3   31[COMRAM] float 
  sign            1   35[COMRAM] unsigned char 
  exp             1   34[COMRAM] unsigned char 
  cntr            1   30[COMRAM] unsigned char 
 Return value:  Size  Location     Type
                  3   21[COMRAM] float 
 Registers used:
		wreg, status,2, status,0, cstack
 Tracked objects:
		On entry : 
		On exit  : 
		Unchanged: 
 Data sizes:     COMRAM   BANK0   BANK1   BANK2   BANK3   BANK4   BANK5   BANK6   BANK7
      Params:         6       0       0       0       0       0       0       0       0
      Locals:         6       0       0       0       0       0       0       0       0
      Temps:          3       0       0       0       0       0       0       0       0
      Totals:        15       0       0       0       0       0       0       0       0
Total ram usage:       15 bytes
 Hardware stack levels used:    1
 Hardware stack levels required when called:    1
 This function calls:
		___ftpack
 This function is called by:
		_PWM1_duty
		_PWM2_duty
 This function uses a non-reentrant model


 *************** function ___ftpack *****************
 Defined at:
		line 62 in file "C:\Program Files (x86)\Microchip\xc8\v1.45\sources\common\float.c"
 Parameters:    Size  Location     Type
  arg             3    0[COMRAM] unsigned um
  exp             1    3[COMRAM] unsigned char 
  sign            1    4[COMRAM] unsigned char 
 Auto vars:     Size  Location     Type
		None
 Return value:  Size  Location     Type
                  3    0[COMRAM] float 
 Registers used:
		wreg, status,2, status,0
 Tracked objects:
		On entry : 
		On exit  : 
		Unchanged: 
 Data sizes:     COMRAM   BANK0   BANK1   BANK2   BANK3   BANK4   BANK5   BANK6   BANK7
      Params:         5       0       0       0       0       0       0       0       0
      Locals:         0       0       0       0       0       0       0       0       0
      Temps:          3       0       0       0       0       0       0       0       0
      Totals:         8       0       0       0       0       0       0       0       0
Total ram usage:        8 bytes
 Hardware stack levels used:    1
 This function calls:
		Nothing
 This function is called by:
		___ftdiv
		___ftmul
		___lwtoft
 This function uses a non-reentrant model


 *************** function _PWM_Max_Duty *****************
 Defined at:
		line 22 in file "main.c"
 Parameters:    Size  Location     Type
		None
 Auto vars:     Size  Location     Type
		None
 Return value:  Size  Location     Type
                  2   14[COMRAM] unsigned int 
 Registers used:
		wreg, status,2, status,0, cstack
 Tracked objects:
		On entry : 
		On exit  : 
		Unchanged: 
 Data sizes:     COMRAM   BANK0   BANK1   BANK2   BANK3   BANK4   BANK5   BANK6   BANK7
      Params:         2       0       0       0       0       0       0       0       0
      Locals:         0       0       0       0       0       0       0       0       0
      Temps:          2       0       0       0       0       0       0       0       0
      Totals:         4       0       0       0       0       0       0       0       0
Total ram usage:        4 bytes
 Hardware stack levels used:    1
 Hardware stack levels required when called:    1
 This function calls:
		i2___aldiv
 This function is called by:
		_PWM1_duty
		_PWM2_duty
 This function uses a non-reentrant model


 *************** function i2___aldiv *****************
 Defined at:
		line 8 in file "C:\Program Files (x86)\Microchip\xc8\v1.45\sources\common\aldiv.c"
 Parameters:    Size  Location     Type
  dividend        4    0[COMRAM] long 
  divisor         4    4[COMRAM] long 
 Auto vars:     Size  Location     Type
  __aldiv         4   10[COMRAM] long 
  __aldiv         1    9[COMRAM] unsigned char 
  __aldiv         1    8[COMRAM] unsigned char 
 Return value:  Size  Location     Type
                  4    0[COMRAM] long 
 Registers used:
		wreg, status,2, status,0
 Tracked objects:
		On entry : 
		On exit  : 
		Unchanged: 
 Data sizes:     COMRAM   BANK0   BANK1   BANK2   BANK3   BANK4   BANK5   BANK6   BANK7
      Params:         8       0       0       0       0       0       0       0       0
      Locals:         6       0       0       0       0       0       0       0       0
      Temps:          0       0       0       0       0       0       0       0       0
      Totals:        14       0       0       0       0       0       0       0       0
Total ram usage:       14 bytes
 Hardware stack levels used:    1
 This function calls:
		Nothing
 This function is called by:
		_PWM_Max_Duty
 This function uses a non-reentrant model


 *************** function _Frente *****************
 Defined at:
		line 102 in file "main.c"
 Parameters:    Size  Location     Type
		None
 Auto vars:     Size  Location     Type
		None
 Return value:  Size  Location     Type
                  1    wreg      void 
 Registers used:
		None
 Tracked objects:
		On entry : 
		On exit  : 
		Unchanged: 
 Data sizes:     COMRAM   BANK0   BANK1   BANK2   BANK3   BANK4   BANK5   BANK6   BANK7
      Params:         0       0       0       0       0       0       0       0       0
      Locals:         0       0       0       0       0       0       0       0       0
      Temps:          0       0       0       0       0       0       0       0       0
      Totals:         0       0       0       0       0       0       0       0       0
Total ram usage:        0 bytes
 Hardware stack levels used:    1
 This function calls:
		Nothing
 This function is called by:
		_routine
 This function uses a non-reentrant model



MODULE INFORMATION

Module		Function		Class		Link	Load	Size
C:\Program Files (x86)\Microchip\xc8\v1.45\sources\common\float.c
		___ftpack      		CODE           	07DA	0000	175

C:\Program Files (x86)\Microchip\xc8\v1.45\sources\common\float.c estimated size: 175

C:\Program Files (x86)\Microchip\xc8\v1.45\sources\common\ftmul.c
		___ftmul       		CODE           	0466	0000	245

C:\Program Files (x86)\Microchip\xc8\v1.45\sources\common\ftmul.c estimated size: 245

C:\Program Files (x86)\Microchip\xc8\v1.45\sources\common\ftdiv.c
		___ftdiv       		CODE           	055A	0000	231

C:\Program Files (x86)\Microchip\xc8\v1.45\sources\common\ftdiv.c estimated size: 231

shared
		i2_Parado      		CODE           	0AF0	0000	7
		__initialization		CODE           	0AE0	0000	1
		i2___aldiv     		CODE           	070E	0000	205

shared estimated size: 213

C:\Program Files (x86)\Microchip\xc8\v1.45\sources\common\fttol.c
		___fttol       		CODE           	0372	0000	245

C:\Program Files (x86)\Microchip\xc8\v1.45\sources\common\fttol.c estimated size: 245

C:\Program Files (x86)\Microchip\xc8\v1.45\sources\common\lldiv.c
		___lldiv       		CODE           	0888	0000	133

C:\Program Files (x86)\Microchip\xc8\v1.45\sources\common\lldiv.c estimated size: 133

C:\Program Files (x86)\Microchip\xc8\v1.45\sources\common\aldiv.c
		___aldiv       		CODE           	0640	0000	207

C:\Program Files (x86)\Microchip\xc8\v1.45\sources\common\aldiv.c estimated size: 207

main.c
		_curvaDir      		CODE           	0A8C	0000	27
		_routine       		CODE           	0008	0000	375
		_Re            		CODE           	0AF6	0000	7
		_Frente_Re     		CODE           	0AA6	0000	27
		_curvaEsq      		CODE           	0A72	0000	27
		_main          		CODE           	0A10	0000	63
		_PWM_init      		CODE           	0974	0000	89
		_sendMsg       		CODE           	0AD4	0000	13
		_PWM_Max_Duty  		CODE           	09CC	0000	69
		_PWM1_duty     		CODE           	027A	0000	249
		_Parado        		CODE           	0AEA	0000	7
		_PWM2_duty     		CODE           	0182	0000	249
		_PWM_start     		CODE           	0AC0	0000	21
		_init_USART    		CODE           	090C	0000	105
		_Frente        		CODE           	0AFC	0000	7

main.c estimated size: 1335

C:\Program Files (x86)\Microchip\xc8\v1.45\sources\common\lwtoft.c
		___lwtoft      		CODE           	0A4E	0000	37

C:\Program Files (x86)\Microchip\xc8\v1.45\sources\common\lwtoft.c estimated size: 37

